<article about="x">
  
      <article about="/doe/educators/educatoreval/educatorperf">

  
    

  
  <div>
        <div class="layout layout--onecol">
    <div  class="layout__region layout__region--content">
      
<div >
  
        	<p></p>

<p>A comprehensive approach to educator performance and development is essential to ensuring that Maine schools have quality teachers and leaders. </p>

<p>There are many factors that influence the ability of children to thrive in school. As researchers and educators attempt to identify the major influences on children’s learning, one fact remains clear: every child deserves excellent teachers and building principals.   </p>

<p>The implementation of Performance Evaluation and Professional Growth (PEPG) systems places a premium on developing viable processes that identify, maximize, support, and maintain excellence among teachers and principals.  By utilizing multiple measures, educators are evaluated on professional practice and student outcomes with professional growth is at the forefront of these systems. PEPG systems also encourage utilizing data for goals setting, peer feedback, and ongoing reflection to improve teaching practices.   </p>

<p>The Maine DOE offers information and support materials for the implementation and refinement of  PEPG systems.  </p>

<p class="doe-action"><a href="http://maine.maps.arcgis.com/apps/MapSeries/index.html?appid=3f9b9c1535704c558452165e08ad5cb9" target="_blank">Maine PEPG Systems</a></p>

<div class="jumbotron jumbotronfluid">
<h4>Joint Guidance for Performance Evaluation and Professional Growth (PEPG)</h4>

<p>Through collaborative discussion and mutual agreement, Maine Department of Education, Maine Curriculum Leaders Association, Maine Education Association, Maine Principals Association, Maine School Board Association, Maine School Superintendents Association, and Maine Administrators of Services for Children with Disabilities provided guidance to school administrative units and their PEPG Steering Committee members during the unprecedented pandemic school years. This guidance remains pertinent today. </p>

<p><strong>Statement: </strong></p>

<p>Effective PEPG systems are designed to support teachers and leaders in improving professional practice, setting actionable goals, and building on professional strengths.   </p>

<p>While PEPG systems remain a requirement in <a href="https://maine.us2.list-manage.com/track/click?u=a582edd6473e477ef6307c769&id=b7e3beacd8&e=ed1a949e34" style="color:#467886; text-decoration:underline" target="_blank">rule</a> and <a href="https://maine.us2.list-manage.com/track/click?u=a582edd6473e477ef6307c769&id=61fab536c0&e=ed1a949e34" style="color:#467886; text-decoration:underline" target="_blank">statute</a>, School Administrative Unit (SAU) steering committees are encouraged to consider all ways in which their systems may be responsive to the current context.  As SAUs review their systems, teachers and school leaders must work collaboratively when considering ways to refine and implement procedures in order to focus on what is most essential.   </p>

<p>The Maine DOE facilitated conversation with representatives of some of Maine’s educational organizations (including MPA, MEA, MSSA, MSBA, MADSEC, and MCLA) and incorporated feedback into the following guiding principles for steering committees as revisions are made to PEPG plans.   </p>

<p>Principles:  </p>

<ul><li><em>Awareness of Teacher and Administrator Workload:</em> </li>
	<li>We acknowledge that meaningful PEPG systems embed elements into the day-to-day culture of the school.  SAUs should consider the following ways in which to maintain the integrity/intent of the process- teaching and learning-and keep the focus on feedback and support. SAU steering committees should look at all components of their PEPG systems and make adjustments that prioritize those components that are most facilitative and supportive.  Considerations include, but are not limited to the following elements:      
	<ul><li>Professional Practice Standards </li>
		<li>Student Learning and Growth </li>
		<li>Peer Support and Mentoring </li>
		<li>Observation  </li>
		<li>Goal Setting and Reflection  </li>
	</ul></li>
	<li><em>Collaborative Decision-making:</em>  The SAU’s steering committee is responsible for the decision-making as it relates to PEPG. SAUs considering changes to PEPG should ensure that there is representation from a variety of stakeholders.  Consensus is critical in this process.  SAUs should follow their process for making changes to PEPG as outlined in the PEPG plan.  </li>
	<li><em>Strong focus on formative feedback, reflection, and growth:</em> Teachers and administrators alike are in the process of learning and adapting their practices and formative feedback and support are critical.  Peer support and mentoring, continuous improvement conversations, ongoing reflection, and goal setting are key elements of PEPG that foster growth.    </li>
</ul><p>Resources: </p>

<p>The following resources are available to support SAUs.  Additional resources are available on the Maine Department of Education Educator Effectiveness <a href="https://www.maine.gov/doe/educators/educatoreval/educator" style="color:#467886; text-decoration:underline">website.</a>  </p>

<ul><li>Marshall Model: 

	<ul style="list-style-type:circle"><li><a href="https://www.dropbox.com/scl/fi/vkyboocsqe318twv7n50h/2024-Marshall-Teacher-Rubric.pdf?rlkey=6li4nerazcp256m1qo99rupm8&amp;dl=0" style="color:#467886; text-decoration:underline" target="_blank">Marshall Teacher Evaluation Rubric</a>, revised March 2024</li>
		<li class="doe-action"><a href="https://www.dropbox.com/scl/fi/q9stjh90r4d92wgrr9hzk/Danielson-Crosswalk-Dec-2024.pdf?rlkey=6osgot97kij90fnw4rqygs4f2&amp;dl=0" style="color:#467886; text-decoration:underline" target="_blank">Comparing Danielson and Marshall Teacher Evaluation Rubric</a>s, December 2024</li>
		<li class="doe-action"><a href="https://www.dropbox.com/scl/fi/texytivwvqkfi2zosn7zi/2024-Marshall-Principal-Rubric.pdf?rlkey=oxchoxqznz9jx2zzfkds0n8z6&amp;dl=0" style="color:#467886; text-decoration:underline" target="_blank">Marshall Principal Evaluation Rubric</a>, revised March 2024
		 </li>
	</ul></li>
	<li>The Danielson Framework:  
	<ul style="list-style-type:circle"><li>The Danielson Framework for Teaching (FFT) is an evolving instructional resource that outlines 22 components and 76 elements organized into Four Domains of Teaching Responsibility. <a href="https://danielsongroup.org/the-framework-for-teaching/" style="color:#467886; text-decoration:underline" target="_blank">Further information available</a></li>
		<li>Framework for Teaching Clusters (FFT Clusters) describe skills demonstrated by teachers promoting high levels of student performance and are grounded in an understanding of the nature of human learning. The FFT Clusters are an outgrowth of the Framework for Teaching. <a href="https://danielsongroup.org/the-framework-clusters/" style="color:#467886; text-decoration:underline" target="_blank">Further information available</a></li>
	</ul></li>
	<li>Marzano Model: 
	<ul style="list-style-type:circle"><li>The Marzano Focused Teacher Evaluation Model - The framework identifies 23 professional and instructional strategies, divided into four areas of expertise to measure teacher effectiveness. <a href="https://marzanoevaluationcenter.com/portfolio/the-marzano-focused-teacher-evaluation-model/" style="color:#467886; text-decoration:underline" target="_blank">Further information available</a>                                                                           </li>
	</ul></li>
</ul></div>

<div class="jumbotron jumbotronfluid">
<h3>Maine School Nurse Evaluation Tool: School Nurse Competencies &amp; Evaluation</h3>

<p>Grounded in School Nursing: Scope and Standards of Practice, 4th Edition, this resource supports self, peer, and supervisory evaluations across Maine’s School Administrative Units (SAUs) and incorporates Patricia Benner’s Novice to Expert model to assess clinical skills and identify areas for growth. Ongoing evaluation ensures competency, supports development, and contributes to safe and high-quality student care. For more information about School Health Services in Maine schools visit the <a href="https://www.maine.gov/doe/schools/safeschools/healthed/nurseresources/guidelines" title="https://www.maine.gov/doe/schools/safeschools/healthed/nurseresources/guidelines">School Health Services: Guidelines</a> webpage. </p>

<p class="doe-action"><a href="https://www.maine.gov/doe/sites/maine.gov.doe/files/inline-files/School%20Health%20Services%20-%20School%20Nurse%20Evaluation%20Tool%20-%2012.2.2025.pdf">Maine School Nurse Evaluation Tool</a></p>
</div>

<div class="contact-cube">
<h3>Contact</h3>

<p><strong>Christina O'Neal, PhD</strong><br />
Educator Excellence Coordinator<br /><strong>Email: </strong><a href="mailto:Michael.T.Perry@Maine.gov">christina.l.oneal@Maine.gov</a></p>
</div>

  </div>

    </div>
  </div>

      <!-- The right column content is empty woohoo-->
  </div>
</div>
</article>